// Jest Snapshot v1, https://goo.gl/fbAQLP

exports[`<EngagePage /> matches Snapshot 1`] = `undefined`;
