// Jest Snapshot v1, https://goo.gl/fbAQLP

exports[`<SettingsPage /> matches Snapshot 1`] = `undefined`;
