// Jest Snapshot v1, https://goo.gl/fbAQLP

exports[`<FbLogin /> matches Snapshot 1`] = `
.c0 {
  box-shadow: 14px 14px 28px rgba(0,0,0,0.25),0 10px 10px rgba(0,0,0,0.22);
}

<a>
  <button
    className="big-btn c0"
    data-test="fb-login"
    style={
      Object {
        "background": "#3b5998",
        "color": "white",
      }
    }
  >
    <svg
      aria-hidden="true"
      className="svg-inline--fa fa-facebook-square fa-w-14 fa-lg mr-3"
      data-icon="facebook-square"
      data-prefix="fab"
      focusable="false"
      role="img"
      style={Object {}}
      viewBox="0 0 448 512"
      xmlns="http://www.w3.org/2000/svg"
    >
      <path
        d="M400 32H48A48 48 0 0 0 0 80v352a48 48 0 0 0 48 48h137.25V327.69h-63V256h63v-54.64c0-62.15 37-96.48 93.67-96.48 27.14 0 55.52 4.84 55.52 4.84v61h-31.27c-30.81 0-40.42 19.12-40.42 38.73V256h68.78l-11 71.69h-57.78V480H400a48 48 0 0 0 48-48V80a48 48 0 0 0-48-48z"
        fill="currentColor"
        style={Object {}}
      />
    </svg>
    login with Facebook
  </button>
</a>
`;
